#
# There is insufficient memory for the Java Runtime Environment to continue.
# Native memory allocation (mmap) failed to map 123731968 bytes for G1 virtual space
# Possible reasons:
#   The system is out of physical RAM or swap space
#   The process is running with CompressedOops enabled, and the Java Heap may be blocking the growth of the native heap
# Possible solutions:
#   Reduce memory load on the system
#   Increase physical memory or swap space
#   Check if swap backing store is full
#   Decrease Java heap size (-Xmx/-Xms)
#   Decrease number of Java threads
#   Decrease Java thread stack sizes (-Xss)
#   Set larger code cache with -XX:ReservedCodeCacheSize=
#   JVM is running with Unscaled Compressed Oops mode in which the Java heap is
#     placed in the first 4GB address space. The Java Heap base address is the
#     maximum limit for the native heap growth. Please use -XX:HeapBaseMinAddress
#     to set the Java Heap base and to place the Java Heap above 4GB virtual address.
# This output file may be truncated or incomplete.
#
#  Out of Memory Error (os_windows.cpp:3617), pid=26752, tid=10636
#
# JRE version:  (17.0.8.1+1) (build )
# Java VM: OpenJDK 64-Bit Server VM (17.0.8.1+1, mixed mode, sharing, tiered, compressed oops, compressed class ptrs, g1 gc, windows-amd64)
# No core dump will be written. Minidumps are not enabled by default on client versions of Windows
#

---------------  S U M M A R Y ------------

Command Line: -Djpackage.app-version=4.4.10 -Dcompose.application.resources.dir=C:\Program Files\Processing\app\resources -Dcompose.application.configure.swing.globals=true -Dprocessing.version=4.4.10 -Dprocessing.revision=1310 -Dprocessing.contributions.source=https://contributions.processing.org/contribs -Dprocessing.download.page=https://processing.org/download/ -Dprocessing.download.latest=https://processing.org/download/latest.txt -Dprocessing.tutorials=https://processing.org/tutorials/ -Dsun.java2d.metal=true -Dawt.useSystemAAFontSettings=on -Dskiko.library.path=C:\Program Files\Processing\app -Djpackage.app-path=C:\Program Files\Processing\Processing.exe processing.app.ProcessingKt lsp

Host: AMD Ryzen 5 5625U with Radeon Graphics         , 12 cores, 7G,  Windows 11 , 64 bit Build 26100 (10.0.26100.8246)
Time: Tue Apr 21 23:03:29 2026 GMT Summer Time elapsed time: 2.031042 seconds (0d 0h 0m 2s)

---------------  T H R E A D  ---------------

Current thread (0x000001f03e5fdcd0):  JavaThread "Unknown thread" [_thread_in_vm, id=10636, stack(0x000000309a900000,0x000000309aa00000)]

Stack: [0x000000309a900000,0x000000309aa00000]
Native frames: (J=compiled Java code, j=interpreted, Vv=VM code, C=native code)
V  [jvm.dll+0x678b0a]
V  [jvm.dll+0x835e84]
V  [jvm.dll+0x83762e]
V  [jvm.dll+0x837c93]
V  [jvm.dll+0x24746f]
V  [jvm.dll+0x675859]
V  [jvm.dll+0x66a0ea]
V  [jvm.dll+0x306c7b]
V  [jvm.dll+0x30e166]
V  [jvm.dll+0x35dd3e]
V  [jvm.dll+0x35df6f]
V  [jvm.dll+0x2ddb48]
V  [jvm.dll+0x2deab4]
V  [jvm.dll+0x807f31]
V  [jvm.dll+0x36bb21]
V  [jvm.dll+0x7e733c]
V  [jvm.dll+0x3ee4af]
V  [jvm.dll+0x3f00c1]
C  [jli.dll+0x528b]
C  [ucrtbase.dll+0x37b0]
C  [KERNEL32.DLL+0x2e8d7]
C  [ntdll.dll+0x8c3fc]


---------------  P R O C E S S  ---------------

Threads class SMR info:
_java_thread_list=0x00007ffd1cb6a018, length=0, elements={
}

Java Threads: ( => current thread )

Other Threads:
  0x000001f03e656da0 GCTaskThread "GC Thread#0" [stack: 0x000000309aa00000,0x000000309ab00000] [id=31312]
  0x000001f05515c450 ConcurrentGCThread "G1 Main Marker" [stack: 0x000000309ab00000,0x000000309ac00000] [id=10916]
  0x000001f05515cc70 ConcurrentGCThread "G1 Conc#0" [stack: 0x000000309ac00000,0x000000309ad00000] [id=26612]

[error occurred during error reporting (printing all threads), id 0xc0000005, EXCEPTION_ACCESS_VIOLATION (0xc0000005) at pc=0x00007ffd1c33e587]

VM state: not at safepoint (not fully initialized)

VM Mutex/Monitor currently owned by a thread:  ([mutex/lock_event])
[0x000001f03e5fc2f0] Heap_lock - owner thread: 0x000001f03e5fdcd0

Heap address: 0x000000008a400000, size: 1884 MB, Compressed Oops mode: 32-bit

CDS archive(s) mapped at: [0x0000000000000000-0x0000000000000000-0x0000000000000000), size 0, SharedBaseAddress: 0x0000000800000000, ArchiveRelocationMode: 1.
Narrow klass base: 0x0000000000000000, Narrow klass shift: 0, Narrow klass range: 0x0

GC Precious Log:
<Empty>

Heap:
 garbage-first heap   total 0K, used 0K [0x000000008a400000, 0x0000000100000000)
  region size 1024K, 0 young (0K), 0 survivors (0K)

[error occurred during error reporting (printing heap information), id 0xc0000005, EXCEPTION_ACCESS_VIOLATION (0xc0000005) at pc=0x00007ffd1c722699]

GC Heap History (0 events):
No events

Dll operation events (1 events):
Event: 0.014 Loaded shared library C:\Program Files\Processing\runtime\bin\java.dll

Deoptimization events (0 events):
No events

Classes unloaded (0 events):
No events

Classes redefined (0 events):
No events

Internal exceptions (0 events):
No events

VM Operations (0 events):
No events

Events (0 events):
No events


Dynamic libraries:
0x00007ff6e5230000 - 0x00007ff6e52a8000 	C:\Program Files\Processing\Processing.exe
0x00007ffdfac60000 - 0x00007ffdfaec7000 	C:\WINDOWS\SYSTEM32\ntdll.dll
0x00007ffdfab10000 - 0x00007ffdfabd9000 	C:\WINDOWS\System32\KERNEL32.DLL
0x00007ffdf85f0000 - 0x00007ffdf89e4000 	C:\WINDOWS\System32\KERNELBASE.dll
0x00007ffdf8cf0000 - 0x00007ffdf8eb5000 	C:\WINDOWS\System32\USER32.dll
0x00007ffdf7530000 - 0x00007ffdf7557000 	C:\WINDOWS\System32\win32u.dll
0x00007ffdfabf0000 - 0x00007ffdfac1b000 	C:\WINDOWS\System32\GDI32.dll
0x00007ffdf8340000 - 0x00007ffdf846b000 	C:\WINDOWS\System32\gdi32full.dll
0x00007ffdf7560000 - 0x00007ffdf7603000 	C:\WINDOWS\System32\msvcp_win.dll
0x00007ffdf81f0000 - 0x00007ffdf833b000 	C:\WINDOWS\System32\ucrtbase.dll
0x00007ffdfa050000 - 0x00007ffdfa7b7000 	C:\WINDOWS\System32\SHELL32.dll
0x00007ffdf7760000 - 0x00007ffdf78ca000 	C:\WINDOWS\System32\wintypes.dll
0x00007ffdf8ef0000 - 0x00007ffdf9272000 	C:\WINDOWS\System32\combase.dll
0x00007ffdfa940000 - 0x00007ffdfaa58000 	C:\WINDOWS\System32\RPCRT4.dll
0x00007ffdf92f0000 - 0x00007ffdf9322000 	C:\WINDOWS\System32\IMM32.DLL
0x00007ffdfa840000 - 0x00007ffdfa938000 	C:\WINDOWS\System32\shcore.dll
0x00007ffd1cd70000 - 0x00007ffd1cd87000 	C:\Program Files\Processing\runtime\bin\jli.dll
0x00007ffde46b0000 - 0x00007ffde4943000 	C:\WINDOWS\WinSxS\amd64_microsoft.windows.common-controls_6595b64144ccf1df_6.0.26100.8115_none_3e075c82e3354f9c\COMCTL32.dll
0x00007ffd1cd50000 - 0x00007ffd1cd69000 	C:\Program Files\Processing\runtime\bin\VCRUNTIME140.dll
0x00007ffdfaa60000 - 0x00007ffdfab09000 	C:\WINDOWS\System32\msvcrt.dll
0x00007ffd1cd40000 - 0x00007ffd1cd4c000 	C:\Program Files\Processing\runtime\bin\vcruntime140_1.dll
0x00007ffd1cca0000 - 0x00007ffd1cd31000 	C:\Program Files\Processing\runtime\bin\msvcp140.dll
0x00007ffd1c050000 - 0x00007ffd1cc9c000 	C:\Program Files\Processing\runtime\bin\server\jvm.dll
0x00007ffdf9a40000 - 0x00007ffdf9af6000 	C:\WINDOWS\System32\ADVAPI32.dll
0x00007ffdf9d80000 - 0x00007ffdf9e27000 	C:\WINDOWS\System32\sechost.dll
0x00007ffdf71e0000 - 0x00007ffdf723e000 	C:\WINDOWS\SYSTEM32\POWRPROF.dll
0x00007ffde3490000 - 0x00007ffde349a000 	C:\WINDOWS\SYSTEM32\WSOCK32.dll
0x00007ffdf8bd0000 - 0x00007ffdf8c50000 	C:\WINDOWS\System32\WS2_32.dll
0x00007ffdef2c0000 - 0x00007ffdef2f6000 	C:\WINDOWS\SYSTEM32\WINMM.dll
0x00007ffdef300000 - 0x00007ffdef30b000 	C:\WINDOWS\SYSTEM32\VERSION.dll
0x00007ffdf71c0000 - 0x00007ffdf71d4000 	C:\WINDOWS\SYSTEM32\UMPDC.dll
0x00007ffdf62c0000 - 0x00007ffdf62db000 	C:\WINDOWS\SYSTEM32\kernel.appcore.dll
0x00007ffd1c040000 - 0x00007ffd1c04a000 	C:\Program Files\Processing\runtime\bin\jimage.dll
0x00007ffdeb820000 - 0x00007ffdeba62000 	C:\WINDOWS\SYSTEM32\DBGHELP.DLL
0x00007ffdf9c60000 - 0x00007ffdf9d38000 	C:\WINDOWS\System32\OLEAUT32.dll
0x00007ffdde680000 - 0x00007ffdde6bb000 	C:\WINDOWS\SYSTEM32\dbgcore.DLL
0x00007ffdf8140000 - 0x00007ffdf81e5000 	C:\WINDOWS\System32\bcryptPrimitives.dll
0x00007ffd1c010000 - 0x00007ffd1c035000 	C:\Program Files\Processing\runtime\bin\java.dll

dbghelp: loaded successfully - version: 4.0.5 - missing functions: none
symbol engine: initialized successfully - sym options: 0x614 - pdb path: .;C:\Program Files\Processing;C:\WINDOWS\SYSTEM32;C:\Program Files\Processing\runtime\bin;C:\WINDOWS\WinSxS\amd64_microsoft.windows.common-controls_6595b64144ccf1df_6.0.26100.8115_none_3e075c82e3354f9c;C:\Program Files\Processing\runtime\bin\server

VM Arguments:
jvm_args: -Djpackage.app-version=4.4.10 -Dcompose.application.resources.dir=C:\Program Files\Processing\app\resources -Dcompose.application.configure.swing.globals=true -Dprocessing.version=4.4.10 -Dprocessing.revision=1310 -Dprocessing.contributions.source=https://contributions.processing.org/contribs -Dprocessing.download.page=https://processing.org/download/ -Dprocessing.download.latest=https://processing.org/download/latest.txt -Dprocessing.tutorials=https://processing.org/tutorials/ -Dsun.java2d.metal=true -Dawt.useSystemAAFontSettings=on -Dskiko.library.path=C:\Program Files\Processing\app -Djpackage.app-path=C:\Program Files\Processing\Processing.exe 
java_command: processing.app.ProcessingKt lsp
java_class_path (initial): C:\Program Files\Processing\app\app-4.4.10-1262a0c48e8033e574b2ba5d3bc7d8f3.jar;C:\Program Files\Processing\app\animation-core-desktop-1.7.1-87bb47dcf611207d17ac1fabc2155e1.jar;C:\Program Files\Processing\app\animation-desktop-1.7.1-405fd87261449d20aacb4543f98b26b.jar;C:\Program Files\Processing\app\annotation-jvm-1.8.0-3c74b73c0c75521f67964f11b28dec9.jar;C:\Program Files\Processing\app\annotations-23.0.0-8484cd17d040d837983323f760b2c660.jar;C:\Program Files\Processing\app\ant-1.10.14-263e0d844d0e4efa54440ec5ed6362a.jar;C:\Program Files\Processing\app\ant-launcher-1.10.14-e6c71b2f05383e1fb891e99f5267663.jar;C:\Program Files\Processing\app\antlr-2.7.7-f8f1352c52a4c6a50b59759651fc64.jar;C:\Program Files\Processing\app\antlr-runtime-3.5.3-b5cce1bb9c8190e2e641fc439daa.jar;C:\Program Files\Processing\app\antlr4-4.13.2-307387ba9ce03f1e566b5ce82a121a.jar;C:\Program Files\Processing\app\antlr4-runtime-4.13.2-eecf198f0cfff10f8bb82878b5ca41.jar;C:\Program Files\Processing\app\atomicfu-jvm-0.23.2-5e4f88ed1c37222d791f5dcadf481498.jar;C:\Program Files\Processing\app\classpath-explorer-1.0-caab34e762a7f05d30ac7d40af90b3ef.jar;C:\Program Files\Processing\app\clikt-jvm-56324132fdbcd27f903c16d7bcfa4b8.jar;C:\Program Files\Processing\app\clikt-mordant-jvm-3c28e5f442b1e2978ce8fbd2f56e541.jar;C:\Program Files\Processing\app\collection-jvm-1.4.0-3f0597ec99a52ecdbf6f3962c5dc77a.jar;C:\Program Files\Processing\app\colormath-jvm-6a279b2713acb5c7ffb5e683bf2841.jar;C:\Program Files\Processing\app\compottie-desktop-2.0.0-rc02-5f1edfd67e18f4319b4c781c2b3d1e4.jar;C:\Program Files\Processing\app\core-4.4.10-d48f8314f75d5f17da8c27e669f9ace.jar;C:\Program Files\Processing\app\core-common-2.2.0-2212d240dfe1e8a7598ee117ccc316d.jar;C:\Program Files\Processing\app\desktop-jvm-1.7.1-de424e1ca627c3ee7de0f1f65430b2c5.jar;C:\Program Files\Processing\app\flatlaf-2.4-6481e9fa65e13e28c37547e0fd1dc2.jar;C:\Program Files\Processing\app\foundation-desktop-1.7.1-2d7e40c714a890b0ea366
Launcher Type: SUN_STANDARD

[Global flags]
     intx CICompilerCount                          = 4                                         {product} {ergonomic}
     uint ConcGCThreads                            = 3                                         {product} {ergonomic}
     uint G1ConcRefinementThreads                  = 10                                        {product} {ergonomic}
   size_t G1HeapRegionSize                         = 1048576                                   {product} {ergonomic}
    uintx GCDrainStackTargetSize                   = 64                                        {product} {ergonomic}
   size_t InitialHeapSize                          = 123731968                                 {product} {ergonomic}
   size_t MarkStackSize                            = 4194304                                   {product} {ergonomic}
   size_t MaxHeapSize                              = 1975517184                                {product} {ergonomic}
   size_t MinHeapDeltaBytes                        = 1048576                                   {product} {ergonomic}
   size_t MinHeapSize                              = 8388608                                   {product} {ergonomic}
    uintx NonNMethodCodeHeapSize                   = 5839372                                {pd product} {ergonomic}
    uintx NonProfiledCodeHeapSize                  = 122909434                              {pd product} {ergonomic}
    uintx ProfiledCodeHeapSize                     = 122909434                              {pd product} {ergonomic}
    uintx ReservedCodeCacheSize                    = 251658240                              {pd product} {ergonomic}
     bool SegmentedCodeCache                       = true                                      {product} {ergonomic}
   size_t SoftMaxHeapSize                          = 1975517184                             {manageable} {ergonomic}
     bool UseCompressedClassPointers               = true                           {product lp64_product} {ergonomic}
     bool UseCompressedOops                        = true                           {product lp64_product} {ergonomic}
     bool UseG1GC                                  = true                                      {product} {ergonomic}
     bool UseLargePagesIndividualAllocation        = false                                  {pd product} {ergonomic}

Logging:
Log output configuration:
 #0: stdout all=warning uptime,level,tags
 #1: stderr all=off uptime,level,tags

Environment Variables:
JAVA_HOME=C:\Users\jace\AppData\Local\Programs\Eclipse Adoptium\jdk-17.0.10.7-hotspot\
PATH=C:\Users\jace\AppData\Local\Programs\Microsoft VS Code;C:\Program Files\Common Files\Oracle\Java\javapath;C:\WINDOWS\system32;C:\WINDOWS;C:\WINDOWS\System32\Wbem;C:\WINDOWS\System32\WindowsPowerShell\v1.0\;C:\WINDOWS\System32\OpenSSH\;C:\ProgramData\chocolatey\bin;C:\Program Files\Git\cmd;C:\msys64\ucrt64\bin;C:\Program Files\Docker\Docker\resources;C:\Program Files (x86)\Windows Kits\10\Windows Performance Toolkit\;C:\Users\jace\AppData\Local\Programs\Python\Python313\Scripts\;C:\Users\jace\AppData\Local\Programs\Python\Python313\;C:\msys64\ucrt64\bin;C:\Users\jace\AppData\Local\Python\bin;C:\Users\jace\.dotnet\tools;C:\Users\jace\.lmstudio\bin;C:\Users\jace\AppData\Local\Programs\Microsoft VS Code\bin;C:\Users\jace\AppData\Local\Programs\Python\Python313\Scripts;C:\Program Files\Processing\;C:\Users\jace\AppData\Local\GitHubDesktop\bin;C:\Users\jace\AppData\Local\Programs\Python\Python313\Scripts;;C:\Program Files\Processing\app
USERNAME=jace
OS=Windows_NT
PROCESSOR_IDENTIFIER=AMD64 Family 25 Model 80 Stepping 0, AuthenticAMD
TMP=C:\Users\jace\AppData\Local\Temp
TEMP=C:\Users\jace\AppData\Local\Temp



---------------  S Y S T E M  ---------------

OS:
 Windows 11 , 64 bit Build 26100 (10.0.26100.8246)
OS uptime: 1 days 9:04 hours
Hyper-V role detected

CPU: total 12 (initial active 12) (12 cores per cpu, 2 threads per core) family 25 model 80 stepping 0 microcode 0xa50000c, cx8, cmov, fxsr, ht, mmx, 3dnowpref, sse, sse2, sse3, ssse3, sse4a, sse4.1, sse4.2, popcnt, lzcnt, tsc, tscinvbit, avx, avx2, aes, erms, clmul, bmi1, bmi2, adx, sha, fma, vzeroupper, clflush, clflushopt, hv
Processor Information for processor 0
  Max Mhz: 2301, Current Mhz: 1904, Mhz Limit: 2301
Processor Information for processor 1
  Max Mhz: 2301, Current Mhz: 1798, Mhz Limit: 2301
Processor Information for processor 2
  Max Mhz: 2301, Current Mhz: 1798, Mhz Limit: 2301
Processor Information for processor 3
  Max Mhz: 2301, Current Mhz: 1904, Mhz Limit: 2301
Processor Information for processor 4
  Max Mhz: 2301, Current Mhz: 1904, Mhz Limit: 2301
Processor Information for processor 5
  Max Mhz: 2301, Current Mhz: 1798, Mhz Limit: 2301
Processor Information for processor 6
  Max Mhz: 2301, Current Mhz: 1798, Mhz Limit: 2301
Processor Information for processor 7
  Max Mhz: 2301, Current Mhz: 1798, Mhz Limit: 2301
Processor Information for processor 8
  Max Mhz: 2301, Current Mhz: 1798, Mhz Limit: 2301
Processor Information for processor 9
  Max Mhz: 2301, Current Mhz: 1798, Mhz Limit: 2301
Processor Information for processor 10
  Max Mhz: 2301, Current Mhz: 1904, Mhz Limit: 2301
Processor Information for processor 11
  Max Mhz: 2301, Current Mhz: 1798, Mhz Limit: 2301

Memory: 4k page, system-wide physical 7532M (1319M free)
TotalPageFile size 31084M (AvailPageFile size 1M)
current process WorkingSet (physical memory assigned to process): 13M, peak: 13M
current process commit charge ("private bytes"): 64M, peak: 182M

vm_info: OpenJDK 64-Bit Server VM (17.0.8.1+1) for windows-amd64 JRE (17.0.8.1+1), built on Aug 23 2023 15:29:17 by "admin" with MS VC++ 16.7 (VS2019)

END.
